[INFO] Scanning for projects...
[INFO] 
[INFO] ------------------------< edu.cit.olo:workfast >------------------------
[INFO] Building workfast 0.0.1-SNAPSHOT
[INFO]   from pom.xml
[INFO] --------------------------------[ jar ]---------------------------------
[INFO] 
[INFO] --- resources:3.3.1:resources (default-resources) @ workfast ---
[INFO] Copying 1 resource from src\main\resources to target\classes
[INFO] Copying 0 resource from src\main\resources to target\classes
[INFO] 
[INFO] --- compiler:3.14.1:compile (default-compile) @ workfast ---
[INFO] Recompiling the module because of changed source code.
[INFO] Compiling 12 source files with javac [debug parameters release 17] to target\classes
[INFO] ------------------------------------------------------------------------
[INFO] BUILD SUCCESS
[INFO] ------------------------------------------------------------------------
[INFO] Total time:  2.692 s
[INFO] Finished at: 2026-03-29T11:37:40+08:00
[INFO] ------------------------------------------------------------------------
